*****************************************************************
      SolidWorks Corporation - IGES Processor Status Report
*****************************************************************
=================================================================
General Information
=================================================================
Sending System Product I.D.  : bezier curve R 1.2 v1
Receiving System Product I.D.: 
File Name                    : bezier curve R 1.2 v1
Sending System               : unknown
Preprocessor Version         : unknown
File Creation Date           : 20220312.134032
Model Creation Date          : 20220312.072852
Units                        : MM
Model Space Scale            : 1
Author                       : unknown
Organization                 : unknown


=================================================================
Entity Processing Information
=================================================================


=================================================================
Precision analysis of IGES file:
=================================================================
  Most prevalent number of significant digits:              14
  Highest number of significant digits:                     14
  Average number of significant digits:                8.49747
  Maximum distance to origin:                          193.368
  Minimum distance to origin:                                0
  Effective number of significant digits:                   14


=================================================================
Entity Summary
=================================================================
-----------------------------------------------------------------
Type Name                                         Count Converted
---- ----                                         ----- ---------
126  Rational B-spline curve                       1952      1952
128  Rational B-spline surface                      416       416
186  Manifold Solid B-rep Object                      1         1
314  Color definition                                 1         1
406  Property                                         1         1
502  Vertex list                                      1         1
504  Edge entity                                      1         1
508  Loop entity                                    605       605
510  Face entity                                    416       416
514  Shell entity                                     1         1
_________________________________________________________________


=================================================================
Result Summary
=================================================================
SolidWorks Feature Type                Count
-----------------------                -----
Solid feature(s)                       1
Surface feature(s)                     0
Curve/Sketch feature(s)                0
--------------------------------------------
Start time: Monday, March 21, 2022 13:40:08
Finish time: Monday, March 21, 2022 13:41:00
Processing time: 0 days, 00 hours, 00 mins, 52 secs
